// Jest Snapshot v1, https://goo.gl/fbAQLP

exports[`should be clearable when type equals "text" 1`] = `
<div>
  <div
    class="clearable-input has-float-label  mko_18z22vm-clearableInput  mko_1aosyyv-controlContainer"
  >
    <div
      class="clearable-input__inner  mko_18z22vm-clearableInput__inner"
    >
      <input
        autocomplete="off"
        class="input clearable-input__input  mko_18z22vm-clearableInput__input  mko_18z22vm-clearableInput__input_clearable"
        id="jest"
        placeholder=" "
        type="text"
        value=""
      />
      <label
        for="jest"
      />
    </div>
  </div>
</div>
`;

exports[`should render with minimum props 1`] = `
<div>
  <div
    class="clearable-input has-float-label  mko_18z22vm-clearableInput  mko_1aosyyv-controlContainer"
  >
    <div
      class="clearable-input__inner  mko_18z22vm-clearableInput__inner"
    >
      <input
        autocomplete="off"
        class="input clearable-input__input  mko_18z22vm-clearableInput__input  mko_18z22vm-clearableInput__input_clearable"
        id="jest"
        placeholder=" "
        type="text"
        value=""
      />
      <label
        for="jest"
      />
    </div>
  </div>
</div>
`;
