// Jest Snapshot v1, https://goo.gl/fbAQLP

exports[`should render with minimum props 1`] = `
<div>
  <div
    class="logo center-contents  mko_1hzw42n-logo"
    id="jest"
  >
    <svg
      class="logo__svg  mko_1hzw42n-logo__svg"
      xmlns="http://www.w3.org/2000/svg"
    >
      <text
        class="logo__letter  mko_1hzw42n-logo__letter"
        dy="0.3em"
        x="50%"
        y="50%"
      >
        J
      </text>
      <text
        class="logo__letter  mko_1hzw42n-logo__letter"
        dy="0.3em"
        x="50%"
        y="50%"
      >
        E
      </text>
      <text
        class="logo__letter  mko_1hzw42n-logo__letter"
        dy="0.3em"
        x="50%"
        y="50%"
      >
        S
      </text>
      <text
        class="logo__letter  mko_1hzw42n-logo__letter"
        dy="0.3em"
        x="50%"
        y="50%"
      >
        T
      </text>
      <text
        class="logo__word logo__word--diagonal  mko_1hzw42n-logo__word  mko_1hzw42n-logo__word_diagonal"
        dy="0.3em"
        lengthAdjust="spacingAndGlyphs"
        textLength="50"
        x="50%"
        y="50%"
      >
        JEST
      </text>
    </svg>
  </div>
</div>
`;
