// Jest Snapshot v1, https://goo.gl/fbAQLP

exports[`should call onChange 1`] = `
<div>
  <div
    class="has-float-label select-container  mko_1aosyyv-controlContainer"
  >
    <select
      class="select-box  mko_16anp6y-select"
      id="jest"
    >
      <option
        value="1"
      >
        one
      </option>
      <option
        value="2"
      >
        two
      </option>
      <option
        value="3"
      >
        three
      </option>
    </select>
    <label
      for="jest"
    >
      Jesters
    </label>
  </div>
</div>
`;

exports[`should render with minimum props 1`] = `
<div>
  <div
    class="has-float-label select-container  mko_1aosyyv-controlContainer"
  >
    <select
      class="select-box  mko_16anp6y-select"
      id="jest"
    >
      <option
        value="1"
      >
        one
      </option>
      <option
        value="2"
      >
        two
      </option>
      <option
        value="3"
      >
        three
      </option>
    </select>
    <label
      for="jest"
    >
      Jesters
    </label>
  </div>
</div>
`;
