// Jest Snapshot v1, https://goo.gl/fbAQLP

exports[`should call onSelect when cleared 1`] = `
<div>
  <div
    class="tag-cloud  mko_qcfya-tagCloud"
  >
    <div
      class="tag-cloud__options  mko_qcfya-tagCloud__options"
    >
      <span
        class="tag-chip tag-chip--clickable tag-chip--active  mko_xm6hi0-tagChip  mko_xm6hi0-tagChip_clickable"
        role="button"
        tabindex="0"
      >
        <span
          class="tag-chip__text  mko_xm6hi0-tagChip__text"
        >
          react
        </span>
      </span>
      <span
        class="tag-chip tag-chip--clickable  mko_xm6hi0-tagChip  mko_xm6hi0-tagChip_clickable"
        role="button"
        tabindex="0"
      >
        <span
          class="tag-chip__text  mko_xm6hi0-tagChip__text"
        >
          jquery
        </span>
      </span>
      <span
        class="tag-chip tag-chip--clickable  mko_xm6hi0-tagChip  mko_xm6hi0-tagChip_clickable"
        role="button"
        tabindex="0"
      >
        <span
          class="tag-chip__text  mko_xm6hi0-tagChip__text"
        >
          angular
        </span>
      </span>
      <span
        class="tag-chip tag-chip--clickable  mko_xm6hi0-tagChip  mko_xm6hi0-tagChip_clickable"
        role="button"
        tabindex="0"
      >
        <span
          class="tag-chip__text  mko_xm6hi0-tagChip__text"
        >
          elm
        </span>
      </span>
      <span
        class="tag-chip tag-chip--clickable  mko_xm6hi0-tagChip  mko_xm6hi0-tagChip_clickable"
        role="button"
        tabindex="0"
      >
        <span
          class="tag-chip__text  mko_xm6hi0-tagChip__text"
        >
          graphql
        </span>
      </span>
      <span
        class="tag-chip tag-chip--clickable  mko_xm6hi0-tagChip  mko_xm6hi0-tagChip_clickable"
        role="button"
        tabindex="0"
      >
        <span
          class="tag-chip__text  mko_xm6hi0-tagChip__text"
        >
          apollo
        </span>
      </span>
      <span
        class="tag-chip tag-chip--clickable  mko_xm6hi0-tagChip  mko_xm6hi0-tagChip_clickable"
        role="button"
        tabindex="0"
      >
        <span
          class="tag-chip__text  mko_xm6hi0-tagChip__text"
        >
          python
        </span>
      </span>
      <span
        class="tag-chip tag-chip--clickable  mko_xm6hi0-tagChip  mko_xm6hi0-tagChip_clickable"
        role="button"
        tabindex="0"
      >
        <span
          class="tag-chip__text  mko_xm6hi0-tagChip__text"
        >
          rust
        </span>
      </span>
    </div>
    <div
      class="tag-cloud__actions  mko_qcfya-actions"
    >
      <button
        class="button ripple button--standard button--primary  mko_c5ujei-button  mko_c5ujei-button_standard tag-cloud__clear"
        type="button"
      >
        Clear
      </button>
    </div>
  </div>
</div>
`;

exports[`should call onSelect when tagchip is clicked 1`] = `
<div>
  <div
    class="tag-cloud  mko_qcfya-tagCloud"
  >
    <div
      class="tag-cloud__options  mko_qcfya-tagCloud__options"
    >
      <span
        class="tag-chip tag-chip--clickable tag-chip--active  mko_xm6hi0-tagChip  mko_xm6hi0-tagChip_clickable"
        role="button"
        tabindex="0"
      >
        <span
          class="tag-chip__text  mko_xm6hi0-tagChip__text"
        >
          react
        </span>
      </span>
      <span
        class="tag-chip tag-chip--clickable  mko_xm6hi0-tagChip  mko_xm6hi0-tagChip_clickable"
        role="button"
        tabindex="0"
      >
        <span
          class="tag-chip__text  mko_xm6hi0-tagChip__text"
        >
          jquery
        </span>
      </span>
      <span
        class="tag-chip tag-chip--clickable  mko_xm6hi0-tagChip  mko_xm6hi0-tagChip_clickable"
        role="button"
        tabindex="0"
      >
        <span
          class="tag-chip__text  mko_xm6hi0-tagChip__text"
        >
          angular
        </span>
      </span>
      <span
        class="tag-chip tag-chip--clickable  mko_xm6hi0-tagChip  mko_xm6hi0-tagChip_clickable"
        role="button"
        tabindex="0"
      >
        <span
          class="tag-chip__text  mko_xm6hi0-tagChip__text"
        >
          elm
        </span>
      </span>
      <span
        class="tag-chip tag-chip--clickable  mko_xm6hi0-tagChip  mko_xm6hi0-tagChip_clickable"
        role="button"
        tabindex="0"
      >
        <span
          class="tag-chip__text  mko_xm6hi0-tagChip__text"
        >
          graphql
        </span>
      </span>
      <span
        class="tag-chip tag-chip--clickable  mko_xm6hi0-tagChip  mko_xm6hi0-tagChip_clickable"
        role="button"
        tabindex="0"
      >
        <span
          class="tag-chip__text  mko_xm6hi0-tagChip__text"
        >
          apollo
        </span>
      </span>
      <span
        class="tag-chip tag-chip--clickable  mko_xm6hi0-tagChip  mko_xm6hi0-tagChip_clickable"
        role="button"
        tabindex="0"
      >
        <span
          class="tag-chip__text  mko_xm6hi0-tagChip__text"
        >
          python
        </span>
      </span>
      <span
        class="tag-chip tag-chip--clickable  mko_xm6hi0-tagChip  mko_xm6hi0-tagChip_clickable"
        role="button"
        tabindex="0"
      >
        <span
          class="tag-chip__text  mko_xm6hi0-tagChip__text"
        >
          rust
        </span>
      </span>
    </div>
    <div
      class="tag-cloud__actions  mko_qcfya-actions"
    >
      <button
        class="button ripple button--standard button--primary  mko_c5ujei-button  mko_c5ujei-button_standard tag-cloud__clear"
        type="button"
      >
        Clear
      </button>
    </div>
  </div>
</div>
`;

exports[`should display clear button when has selected 1`] = `
<div>
  <div
    class="tag-cloud  mko_qcfya-tagCloud"
  >
    <div
      class="tag-cloud__options  mko_qcfya-tagCloud__options"
    >
      <span
        class="tag-chip tag-chip--clickable tag-chip--active  mko_xm6hi0-tagChip  mko_xm6hi0-tagChip_clickable"
        role="button"
        tabindex="0"
      >
        <span
          class="tag-chip__text  mko_xm6hi0-tagChip__text"
        >
          react
        </span>
      </span>
      <span
        class="tag-chip tag-chip--clickable  mko_xm6hi0-tagChip  mko_xm6hi0-tagChip_clickable"
        role="button"
        tabindex="0"
      >
        <span
          class="tag-chip__text  mko_xm6hi0-tagChip__text"
        >
          jquery
        </span>
      </span>
      <span
        class="tag-chip tag-chip--clickable  mko_xm6hi0-tagChip  mko_xm6hi0-tagChip_clickable"
        role="button"
        tabindex="0"
      >
        <span
          class="tag-chip__text  mko_xm6hi0-tagChip__text"
        >
          angular
        </span>
      </span>
      <span
        class="tag-chip tag-chip--clickable  mko_xm6hi0-tagChip  mko_xm6hi0-tagChip_clickable"
        role="button"
        tabindex="0"
      >
        <span
          class="tag-chip__text  mko_xm6hi0-tagChip__text"
        >
          elm
        </span>
      </span>
      <span
        class="tag-chip tag-chip--clickable  mko_xm6hi0-tagChip  mko_xm6hi0-tagChip_clickable"
        role="button"
        tabindex="0"
      >
        <span
          class="tag-chip__text  mko_xm6hi0-tagChip__text"
        >
          graphql
        </span>
      </span>
      <span
        class="tag-chip tag-chip--clickable  mko_xm6hi0-tagChip  mko_xm6hi0-tagChip_clickable"
        role="button"
        tabindex="0"
      >
        <span
          class="tag-chip__text  mko_xm6hi0-tagChip__text"
        >
          apollo
        </span>
      </span>
      <span
        class="tag-chip tag-chip--clickable  mko_xm6hi0-tagChip  mko_xm6hi0-tagChip_clickable"
        role="button"
        tabindex="0"
      >
        <span
          class="tag-chip__text  mko_xm6hi0-tagChip__text"
        >
          python
        </span>
      </span>
      <span
        class="tag-chip tag-chip--clickable  mko_xm6hi0-tagChip  mko_xm6hi0-tagChip_clickable"
        role="button"
        tabindex="0"
      >
        <span
          class="tag-chip__text  mko_xm6hi0-tagChip__text"
        >
          rust
        </span>
      </span>
    </div>
    <div
      class="tag-cloud__actions  mko_qcfya-actions"
    >
      <button
        class="button ripple button--standard button--primary  mko_c5ujei-button  mko_c5ujei-button_standard tag-cloud__clear"
        type="button"
      >
        Clear
      </button>
    </div>
  </div>
</div>
`;

exports[`should render correct children 1`] = `
<div>
  <div
    class="tag-cloud  mko_qcfya-tagCloud"
  >
    <div
      class="tag-cloud__options  mko_qcfya-tagCloud__options"
    >
      <span
        class="tag-chip tag-chip--clickable  mko_xm6hi0-tagChip  mko_xm6hi0-tagChip_clickable"
        role="button"
        tabindex="0"
      >
        <span
          class="tag-chip__text  mko_xm6hi0-tagChip__text"
        >
          react
        </span>
      </span>
      <span
        class="tag-chip tag-chip--clickable  mko_xm6hi0-tagChip  mko_xm6hi0-tagChip_clickable"
        role="button"
        tabindex="0"
      >
        <span
          class="tag-chip__text  mko_xm6hi0-tagChip__text"
        >
          jquery
        </span>
      </span>
      <span
        class="tag-chip tag-chip--clickable  mko_xm6hi0-tagChip  mko_xm6hi0-tagChip_clickable"
        role="button"
        tabindex="0"
      >
        <span
          class="tag-chip__text  mko_xm6hi0-tagChip__text"
        >
          angular
        </span>
      </span>
      <span
        class="tag-chip tag-chip--clickable  mko_xm6hi0-tagChip  mko_xm6hi0-tagChip_clickable"
        role="button"
        tabindex="0"
      >
        <span
          class="tag-chip__text  mko_xm6hi0-tagChip__text"
        >
          elm
        </span>
      </span>
      <span
        class="tag-chip tag-chip--clickable  mko_xm6hi0-tagChip  mko_xm6hi0-tagChip_clickable"
        role="button"
        tabindex="0"
      >
        <span
          class="tag-chip__text  mko_xm6hi0-tagChip__text"
        >
          graphql
        </span>
      </span>
      <span
        class="tag-chip tag-chip--clickable  mko_xm6hi0-tagChip  mko_xm6hi0-tagChip_clickable"
        role="button"
        tabindex="0"
      >
        <span
          class="tag-chip__text  mko_xm6hi0-tagChip__text"
        >
          apollo
        </span>
      </span>
      <span
        class="tag-chip tag-chip--clickable  mko_xm6hi0-tagChip  mko_xm6hi0-tagChip_clickable"
        role="button"
        tabindex="0"
      >
        <span
          class="tag-chip__text  mko_xm6hi0-tagChip__text"
        >
          python
        </span>
      </span>
      <span
        class="tag-chip tag-chip--clickable  mko_xm6hi0-tagChip  mko_xm6hi0-tagChip_clickable"
        role="button"
        tabindex="0"
      >
        <span
          class="tag-chip__text  mko_xm6hi0-tagChip__text"
        >
          rust
        </span>
      </span>
    </div>
    <div
      class="tag-cloud__actions  mko_qcfya-actions"
    >
      <button
        class="button ripple button--standard button--primary  mko_c5ujei-button  mko_c5ujei-button_standard tag-cloud__clear"
        disabled=""
        type="button"
      >
        Clear
      </button>
    </div>
  </div>
</div>
`;

exports[`should render with minimum props 1`] = `
<div>
  <div
    class="tag-cloud  mko_qcfya-tagCloud"
  >
    <div
      class="tag-cloud__options  mko_qcfya-tagCloud__options"
    >
      <span
        class="tag-chip tag-chip--clickable  mko_xm6hi0-tagChip  mko_xm6hi0-tagChip_clickable"
        role="button"
        tabindex="0"
      >
        <span
          class="tag-chip__text  mko_xm6hi0-tagChip__text"
        >
          react
        </span>
      </span>
      <span
        class="tag-chip tag-chip--clickable  mko_xm6hi0-tagChip  mko_xm6hi0-tagChip_clickable"
        role="button"
        tabindex="0"
      >
        <span
          class="tag-chip__text  mko_xm6hi0-tagChip__text"
        >
          jquery
        </span>
      </span>
      <span
        class="tag-chip tag-chip--clickable  mko_xm6hi0-tagChip  mko_xm6hi0-tagChip_clickable"
        role="button"
        tabindex="0"
      >
        <span
          class="tag-chip__text  mko_xm6hi0-tagChip__text"
        >
          angular
        </span>
      </span>
      <span
        class="tag-chip tag-chip--clickable  mko_xm6hi0-tagChip  mko_xm6hi0-tagChip_clickable"
        role="button"
        tabindex="0"
      >
        <span
          class="tag-chip__text  mko_xm6hi0-tagChip__text"
        >
          elm
        </span>
      </span>
      <span
        class="tag-chip tag-chip--clickable  mko_xm6hi0-tagChip  mko_xm6hi0-tagChip_clickable"
        role="button"
        tabindex="0"
      >
        <span
          class="tag-chip__text  mko_xm6hi0-tagChip__text"
        >
          graphql
        </span>
      </span>
      <span
        class="tag-chip tag-chip--clickable  mko_xm6hi0-tagChip  mko_xm6hi0-tagChip_clickable"
        role="button"
        tabindex="0"
      >
        <span
          class="tag-chip__text  mko_xm6hi0-tagChip__text"
        >
          apollo
        </span>
      </span>
      <span
        class="tag-chip tag-chip--clickable  mko_xm6hi0-tagChip  mko_xm6hi0-tagChip_clickable"
        role="button"
        tabindex="0"
      >
        <span
          class="tag-chip__text  mko_xm6hi0-tagChip__text"
        >
          python
        </span>
      </span>
      <span
        class="tag-chip tag-chip--clickable  mko_xm6hi0-tagChip  mko_xm6hi0-tagChip_clickable"
        role="button"
        tabindex="0"
      >
        <span
          class="tag-chip__text  mko_xm6hi0-tagChip__text"
        >
          rust
        </span>
      </span>
    </div>
    <div
      class="tag-cloud__actions  mko_qcfya-actions"
    >
      <button
        class="button ripple button--standard button--primary  mko_c5ujei-button  mko_c5ujei-button_standard tag-cloud__clear"
        disabled=""
        type="button"
      >
        Clear
      </button>
    </div>
  </div>
</div>
`;
