// Jest Snapshot v1, https://goo.gl/fbAQLP

exports[`should render with minimum props 1`] = `
<div
  className="tooltip  mko_1dx2rda-tooltip"
  onMouseEnter={[Function]}
  onMouseLeave={[Function]}
>
  <div
    aria-hidden={false}
    className=" mko_1dx2rda-tooltipContent"
    style={Object {}}
  >
    Tooltip!
  </div>
</div>
`;
